Verified a2a_sdk-0.3.0-py3-none-any.whl
Verified alembic-1.16.5-py3-none-any.whl
Verified annotated_doc-0.0.4-py3-none-any.whl
Verified annotated_types-0.7.0-py3-none-any.whl
Verified anyio-4.12.1-py3-none-any.whl
Verified async_timeout-5.0.1-py3-none-any.whl
Verified asyncpg-0.31.0-cp312-cp312-manylinux_2_28_aarch64.whl
Verified attrs-26.1.0-py3-none-any.whl
Verified bcrypt-5.0.0-cp39-abi3-manylinux_2_28_aarch64.whl
Verified certifi-2026.2.25-py3-none-any.whl
Verified cffi-2.1.1-cp312-cp312-manylinux2014_aarch64.manylinux_2_17_aarch64.whl
Verified charset_normalizer-3.5.1-cp312-cp312-manylinux2014_aarch64.manylinux_2_17_aarch64.manylinux_2_28_aarch64.whl
Verified click-8.1.8-py3-none-any.whl
Verified cryptography-46.0.5-cp311-abi3-manylinux_2_28_aarch64.whl
Verified exceptiongroup-1.3.1-py3-none-any.whl
Verified fastapi-0.128.8-py3-none-any.whl
Verified google_api_core-2.30.3-py3-none-any.whl
Verified google_auth-2.58.0-py3-none-any.whl
Verified googleapis_common_protos-1.75.0-py3-none-any.whl
Verified greenlet-3.2.5-cp312-cp312-manylinux2014_aarch64.manylinux_2_17_aarch64.whl
Verified h11-0.16.0-py3-none-any.whl
Verified httpcore-1.0.9-py3-none-any.whl
Verified httpx-0.28.1-py3-none-any.whl
Verified httpx_sse-0.4.3-py3-none-any.whl
Verified idna-3.11-py3-none-any.whl
Verified jsonschema-4.25.1-py3-none-any.whl
Verified jsonschema_specifications-2025.9.1-py3-none-any.whl
Verified mako-1.3.10-py3-none-any.whl
Verified markupsafe-3.0.3-cp312-cp312-manylinux2014_aarch64.manylinux_2_17_aarch64.manylinux_2_28_aarch64.whl
Verified proto_plus-1.28.2-py3-none-any.whl
Verified protobuf-5.29.5-cp38-abi3-manylinux2014_aarch64.whl
Verified pyasn1-0.6.4-py3-none-any.whl
Verified pyasn1_modules-0.4.2-py3-none-any.whl
Verified pycparser-3.0-py3-none-any.whl
Verified pydantic-2.12.5-py3-none-any.whl
Verified pydantic_settings-2.11.0-py3-none-any.whl
Verified pydantic_core-2.41.5-cp312-cp312-manylinux_2_17_aarch64.manylinux2014_aarch64.whl
Verified pyjwt-2.12.1-py3-none-any.whl
Verified python_dotenv-1.2.1-py3-none-any.whl
Verified redis-7.0.1-py3-none-any.whl
Verified referencing-0.37.0-py3-none-any.whl
Verified requests-2.34.2-py3-none-any.whl
Verified rpds_py-2026.6.3-cp312-cp312-manylinux_2_17_aarch64.manylinux2014_aarch64.whl
Verified sqlalchemy-2.0.48-cp312-cp312-manylinux2014_aarch64.manylinux_2_17_aarch64.manylinux_2_28_aarch64.whl
Verified sse_starlette-3.3.0-py3-none-any.whl
Verified starlette-0.49.3-py3-none-any.whl
Verified tomli-2.4.0-cp312-cp312-manylinux2014_aarch64.manylinux_2_17_aarch64.manylinux_2_28_aarch64.whl
Verified typing_inspection-0.4.2-py3-none-any.whl
Verified typing_extensions-4.15.0-py3-none-any.whl
Verified urllib3-2.7.0-py3-none-any.whl
Verified uvicorn-0.39.0-py3-none-any.whl
Verified annotated_doc-0.0.5-py3-none-any.whl
Verified annotated_types-0.7.0-py3-none-any.whl
Verified anyio-4.12.1-py3-none-any.whl
Verified blis-0.7.11-cp312-cp312-manylinux_2_17_aarch64.manylinux2014_aarch64.whl
Verified catalogue-2.0.10-py3-none-any.whl
Verified certifi-2026.7.22-py3-none-any.whl
Verified cffi-2.0.0-cp312-cp312-manylinux2014_aarch64.manylinux_2_17_aarch64.whl
Verified charset_normalizer-3.5.1-cp312-cp312-manylinux2014_aarch64.manylinux_2_17_aarch64.manylinux_2_28_aarch64.whl
Verified click-8.2.1-py3-none-any.whl
Verified cloudpathlib-0.25.0-py3-none-any.whl
Verified confection-0.1.5-py3-none-any.whl
Verified cryptography-44.0.3-cp39-abi3-manylinux_2_28_aarch64.whl
Verified cymem-2.0.13-cp312-cp312-manylinux2014_aarch64.manylinux_2_17_aarch64.whl
Verified exceptiongroup-1.3.1-py3-none-any.whl
Verified fastapi-0.128.8-py3-none-any.whl
Verified filelock-3.19.1-py3-none-any.whl
Verified h11-0.16.0-py3-none-any.whl
Verified httpcore-1.0.9-py3-none-any.whl
Verified httpx-0.28.1-py3-none-any.whl
Verified idna-3.19-py3-none-any.whl
Verified jinja2-3.1.6-py3-none-any.whl
Verified langcodes-3.5.1-py3-none-any.whl
Verified markdown_it_py-3.0.0-py3-none-any.whl
Verified markupsafe-3.0.3-cp312-cp312-manylinux2014_aarch64.manylinux_2_17_aarch64.manylinux_2_28_aarch64.whl
Verified mdurl-0.1.2-py3-none-any.whl
Verified murmurhash-1.0.15-cp312-cp312-manylinux2014_aarch64.manylinux_2_17_aarch64.whl
Verified numpy-1.26.4-cp312-cp312-manylinux_2_17_aarch64.manylinux2014_aarch64.whl
Verified packaging-26.3-py3-none-any.whl
Verified phonenumbers-9.0.39-py2.py3-none-any.whl
Verified preshed-3.0.13-cp312-cp312-manylinux2014_aarch64.manylinux_2_17_aarch64.whl
Verified presidio_analyzer-2.2.360-py3-none-any.whl
Verified presidio_anonymizer-2.2.360-py3-none-any.whl
Verified pycparser-2.23-py3-none-any.whl
Verified pydantic-2.13.5-py3-none-any.whl
Verified pydantic_core-2.46.5-cp312-cp312-manylinux_2_17_aarch64.manylinux2014_aarch64.whl
Verified pygments-2.21.0-py3-none-any.whl
Verified pyyaml-6.0.3-cp312-cp312-manylinux2014_aarch64.manylinux_2_17_aarch64.manylinux_2_28_aarch64.whl
Verified regex-2026.1.15-cp312-cp312-manylinux2014_aarch64.manylinux_2_17_aarch64.manylinux_2_28_aarch64.whl
Verified requests-2.32.5-py3-none-any.whl
Verified requests_file-3.0.1-py2.py3-none-any.whl
Verified rich-15.0.0-py3-none-any.whl
Verified shellingham-1.5.4-py2.py3-none-any.whl
Verified smart_open-7.5.0-py3-none-any.whl
Verified spacy-3.7.5-cp312-cp312-manylinux_2_17_aarch64.manylinux2014_aarch64.whl
Verified spacy_legacy-3.0.12-py2.py3-none-any.whl
Verified spacy_loggers-1.0.5-py3-none-any.whl
Verified srsly-2.5.3-cp312-cp312-manylinux2014_aarch64.manylinux_2_17_aarch64.whl
Verified starlette-0.49.3-py3-none-any.whl
Verified thinc-8.2.5-cp312-cp312-manylinux_2_17_aarch64.manylinux2014_aarch64.whl
Verified tldextract-5.3.0-py3-none-any.whl
Verified tqdm-4.70.1-py3-none-any.whl
Verified typer-0.23.2-py3-none-any.whl
Verified typer_slim-0.23.2-py3-none-any.whl
Verified typing_inspection-0.4.2-py3-none-any.whl
Verified typing_extensions-4.16.0-py3-none-any.whl
Verified urllib3-2.6.3-py3-none-any.whl
Verified uvicorn-0.39.0-py3-none-any.whl
Verified wasabi-1.1.3-py3-none-any.whl
Verified weasel-0.4.3-py3-none-any.whl
Verified wrapt-2.4.1-cp312-cp312-manylinux2014_aarch64.manylinux_2_17_aarch64.manylinux_2_28_aarch64.whl
Verified setuptools-80.9.0-py3-none-any.whl
Pinned wheelhouse ready for compose.offline.yaml; dependency resolution is rechecked inside the clean container.
