 Volume a2a-accept-44b77e00d0_measurements Creating 
 Volume a2a-accept-44b77e00d0_public Creating 
 Volume a2a-accept-44b77e00d0_secrets Creating 
 Volume a2a-accept-44b77e00d0_public Creating 
 Volume a2a-accept-44b77e00d0_data Creating 
 Volume a2a-accept-44b77e00d0_data Creating 
 Volume a2a-accept-44b77e00d0_measurements Creating 
 Network a2a-accept-44b77e00d0_local Creating 
 Volume a2a-accept-44b77e00d0_secrets Creating 
 Network a2a-accept-44b77e00d0_local Creating 
 Volume a2a-accept-44b77e00d0_public Created 
 Volume a2a-accept-44b77e00d0_public Created 
 Volume a2a-accept-44b77e00d0_secrets Created 
 Volume a2a-accept-44b77e00d0_secrets Created 
 Volume a2a-accept-44b77e00d0_data Created 
 Volume a2a-accept-44b77e00d0_data Created 
 Volume a2a-accept-44b77e00d0_measurements Created 
 Volume a2a-accept-44b77e00d0_measurements Created 
 Network a2a-accept-44b77e00d0_local Created 
 Network a2a-accept-44b77e00d0_local Created 
 Container a2a-accept-44b77e00d0-presidio-1 Creating 
 Container a2a-accept-44b77e00d0-postgres-1 Creating 
 Container a2a-accept-44b77e00d0-opa-1 Creating 
 Container a2a-accept-44b77e00d0-redis-1 Creating 
 Container a2a-accept-44b77e00d0-redis-1 Created 
 Container a2a-accept-44b77e00d0-postgres-1 Created 
 Container a2a-accept-44b77e00d0-init-1 Creating 
 Container a2a-accept-44b77e00d0-presidio-1 Created 
 Container a2a-accept-44b77e00d0-opa-1 Created 
 Container a2a-accept-44b77e00d0-init-1 Created 
 Container a2a-accept-44b77e00d0-provider-1 Creating 
 Container a2a-accept-44b77e00d0-provider-1 Created 
 Container a2a-accept-44b77e00d0-hub-1 Creating 
 Container a2a-accept-44b77e00d0-hub-1 Created 
 Container a2a-accept-44b77e00d0-redis-1 Starting 
 Container a2a-accept-44b77e00d0-opa-1 Starting 
 Container a2a-accept-44b77e00d0-postgres-1 Starting 
 Container a2a-accept-44b77e00d0-presidio-1 Starting 
 Container a2a-accept-44b77e00d0-redis-1 Started 
 Container a2a-accept-44b77e00d0-opa-1 Started 
 Container a2a-accept-44b77e00d0-postgres-1 Started 
 Container a2a-accept-44b77e00d0-postgres-1 Waiting 
 Container a2a-accept-44b77e00d0-presidio-1 Started 
 Container a2a-accept-44b77e00d0-postgres-1 Healthy 
 Container a2a-accept-44b77e00d0-init-1 Starting 
 Container a2a-accept-44b77e00d0-init-1 Started 
 Container a2a-accept-44b77e00d0-init-1 Waiting 
 Container a2a-accept-44b77e00d0-init-1 Exited 
 Container a2a-accept-44b77e00d0-provider-1 Starting 
 Container a2a-accept-44b77e00d0-provider-1 Started 
 Container a2a-accept-44b77e00d0-init-1 Waiting 
 Container a2a-accept-44b77e00d0-init-1 Exited 
 Container a2a-accept-44b77e00d0-hub-1 Starting 
 Container a2a-accept-44b77e00d0-hub-1 Started 
 Container a2a-accept-44b77e00d0-hub-1 Waiting 
 Container a2a-accept-44b77e00d0-opa-1 Waiting 
 Container a2a-accept-44b77e00d0-redis-1 Waiting 
 Container a2a-accept-44b77e00d0-init-1 Waiting 
 Container a2a-accept-44b77e00d0-presidio-1 Waiting 
 Container a2a-accept-44b77e00d0-postgres-1 Waiting 
 Container a2a-accept-44b77e00d0-provider-1 Waiting 
 Container a2a-accept-44b77e00d0-opa-1 Healthy 
 Container a2a-accept-44b77e00d0-init-1 Exited 
 Container a2a-accept-44b77e00d0-redis-1 Healthy 
 Container a2a-accept-44b77e00d0-provider-1 Healthy 
 Container a2a-accept-44b77e00d0-postgres-1 Healthy 
 Container a2a-accept-44b77e00d0-presidio-1 Healthy 
 Container a2a-accept-44b77e00d0-hub-1 Healthy 
