 Container a2a-accept-cfd92a0a0f-provider-1 Running 
 Container a2a-accept-cfd92a0a0f-postgres-1 Running 
 Container a2a-accept-cfd92a0a0f-opa-1 Running 
 Container a2a-accept-cfd92a0a0f-presidio-1 Running 
 Container a2a-accept-cfd92a0a0f-hub-1 Running 
 Container a2a-accept-cfd92a0a0f-redis-1 Running 
 Container a2a-accept-cfd92a0a0f-postgres-1 Waiting 
 Container a2a-accept-cfd92a0a0f-postgres-1 Healthy 
 Container a2a-accept-cfd92a0a0f-init-1 Starting 
 Container a2a-accept-cfd92a0a0f-init-1 Started 
 Container a2a-accept-cfd92a0a0f-init-1 Waiting 
 Container a2a-accept-cfd92a0a0f-init-1 Exited 
 Container a2a-accept-cfd92a0a0f-init-1 Waiting 
 Container a2a-accept-cfd92a0a0f-init-1 Exited 
 Container a2a-accept-cfd92a0a0f-opa-1 Waiting 
 Container a2a-accept-cfd92a0a0f-presidio-1 Waiting 
 Container a2a-accept-cfd92a0a0f-hub-1 Waiting 
 Container a2a-accept-cfd92a0a0f-redis-1 Waiting 
 Container a2a-accept-cfd92a0a0f-init-1 Waiting 
 Container a2a-accept-cfd92a0a0f-provider-1 Waiting 
 Container a2a-accept-cfd92a0a0f-postgres-1 Waiting 
 Container a2a-accept-cfd92a0a0f-presidio-1 Healthy 
 Container a2a-accept-cfd92a0a0f-provider-1 Healthy 
 Container a2a-accept-cfd92a0a0f-init-1 Exited 
 Container a2a-accept-cfd92a0a0f-redis-1 Healthy 
 Container a2a-accept-cfd92a0a0f-opa-1 Healthy 
 Container a2a-accept-cfd92a0a0f-hub-1 Healthy 
 Container a2a-accept-cfd92a0a0f-postgres-1 Healthy 
