 Container a2a-accept-cfd92a0a0f-hub-1 Running 
 Container a2a-accept-cfd92a0a0f-redis-1 Running 
 Container a2a-accept-cfd92a0a0f-provider-1 Running 
 Container a2a-accept-cfd92a0a0f-postgres-1 Running 
 Container a2a-accept-cfd92a0a0f-opa-1 Running 
 Container a2a-accept-cfd92a0a0f-presidio-1 Running 
 Container a2a-accept-cfd92a0a0f-postgres-1 Waiting 
 Container a2a-accept-cfd92a0a0f-postgres-1 Healthy 
 Container a2a-accept-cfd92a0a0f-init-1 Starting 
 Container a2a-accept-cfd92a0a0f-init-1 Started 
 Container a2a-accept-cfd92a0a0f-init-1 Waiting 
 Container a2a-accept-cfd92a0a0f-init-1 Exited 
 Container a2a-accept-cfd92a0a0f-init-1 Waiting 
 Container a2a-accept-cfd92a0a0f-init-1 Exited 
 Container a2a-accept-cfd92a0a0f-hub-1 Waiting 
 Container a2a-accept-cfd92a0a0f-hub-1 Healthy 
 Container a2a-accept-cfd92a0a0f-demo-run-2721a4ce7833 Creating 
 Container a2a-accept-cfd92a0a0f-demo-run-2721a4ce7833 Created 
{
  "internal-project": [
    {
      "item_id": "item-001",
      "task": "Send the checklist to review@example.com.",
      "due_date": "2026-09-20",
      "assignee": "alice@example.com",
      "assignment_state": "assigned"
    },
    {
      "item_id": "item-002",
      "task": "Prepare the test report.",
      "due_date": "2026-09-21",
      "assignee": "bob@example.com",
      "assignment_state": "assigned"
    }
  ],
  "external-collaboration": [
    {
      "item_id": "item-001",
      "task": "Send the checklist to [EMAIL].",
      "due_date": "2026-09-20",
      "assignee": null,
      "assignment_state": "unassigned"
    },
    {
      "item_id": "item-002",
      "task": "Prepare the test report.",
      "due_date": "2026-09-21",
      "assignee": null,
      "assignment_state": "unassigned"
    }
  ]
}
PASS: public API discovery, exact dual views, local task consumers
