 Network a2a-accept-cfd92a0a0f_local Creating 
 Volume a2a-accept-cfd92a0a0f_data Creating 
 Volume a2a-accept-cfd92a0a0f_measurements Creating 
 Volume a2a-accept-cfd92a0a0f_secrets Creating 
 Volume a2a-accept-cfd92a0a0f_public Creating 
 Volume a2a-accept-cfd92a0a0f_data Creating 
 Volume a2a-accept-cfd92a0a0f_secrets Creating 
 Volume a2a-accept-cfd92a0a0f_measurements Creating 
 Volume a2a-accept-cfd92a0a0f_public Creating 
 Network a2a-accept-cfd92a0a0f_local Creating 
 Volume a2a-accept-cfd92a0a0f_data Created 
 Volume a2a-accept-cfd92a0a0f_data Created 
 Volume a2a-accept-cfd92a0a0f_secrets Created 
 Volume a2a-accept-cfd92a0a0f_secrets Created 
 Volume a2a-accept-cfd92a0a0f_measurements Created 
 Volume a2a-accept-cfd92a0a0f_measurements Created 
 Volume a2a-accept-cfd92a0a0f_public Created 
 Volume a2a-accept-cfd92a0a0f_public Created 
 Network a2a-accept-cfd92a0a0f_local Created 
 Network a2a-accept-cfd92a0a0f_local Created 
 Container a2a-accept-cfd92a0a0f-redis-1 Creating 
 Container a2a-accept-cfd92a0a0f-presidio-1 Creating 
 Container a2a-accept-cfd92a0a0f-postgres-1 Creating 
 Container a2a-accept-cfd92a0a0f-opa-1 Creating 
 Container a2a-accept-cfd92a0a0f-postgres-1 Created 
 Container a2a-accept-cfd92a0a0f-init-1 Creating 
 Container a2a-accept-cfd92a0a0f-opa-1 Created 
 Container a2a-accept-cfd92a0a0f-redis-1 Created 
 Container a2a-accept-cfd92a0a0f-presidio-1 Created 
 Container a2a-accept-cfd92a0a0f-init-1 Created 
 Container a2a-accept-cfd92a0a0f-provider-1 Creating 
 Container a2a-accept-cfd92a0a0f-provider-1 Created 
 Container a2a-accept-cfd92a0a0f-hub-1 Creating 
 Container a2a-accept-cfd92a0a0f-hub-1 Created 
 Container a2a-accept-cfd92a0a0f-redis-1 Starting 
 Container a2a-accept-cfd92a0a0f-presidio-1 Starting 
 Container a2a-accept-cfd92a0a0f-postgres-1 Starting 
 Container a2a-accept-cfd92a0a0f-opa-1 Starting 
 Container a2a-accept-cfd92a0a0f-redis-1 Started 
 Container a2a-accept-cfd92a0a0f-presidio-1 Started 
 Container a2a-accept-cfd92a0a0f-postgres-1 Started 
 Container a2a-accept-cfd92a0a0f-postgres-1 Waiting 
 Container a2a-accept-cfd92a0a0f-opa-1 Started 
 Container a2a-accept-cfd92a0a0f-postgres-1 Healthy 
 Container a2a-accept-cfd92a0a0f-init-1 Starting 
 Container a2a-accept-cfd92a0a0f-init-1 Started 
 Container a2a-accept-cfd92a0a0f-init-1 Waiting 
 Container a2a-accept-cfd92a0a0f-init-1 Exited 
 Container a2a-accept-cfd92a0a0f-provider-1 Starting 
 Container a2a-accept-cfd92a0a0f-provider-1 Started 
 Container a2a-accept-cfd92a0a0f-init-1 Waiting 
 Container a2a-accept-cfd92a0a0f-init-1 Exited 
 Container a2a-accept-cfd92a0a0f-hub-1 Starting 
 Container a2a-accept-cfd92a0a0f-hub-1 Started 
 Container a2a-accept-cfd92a0a0f-init-1 Waiting 
 Container a2a-accept-cfd92a0a0f-provider-1 Waiting 
 Container a2a-accept-cfd92a0a0f-postgres-1 Waiting 
 Container a2a-accept-cfd92a0a0f-presidio-1 Waiting 
 Container a2a-accept-cfd92a0a0f-hub-1 Waiting 
 Container a2a-accept-cfd92a0a0f-opa-1 Waiting 
 Container a2a-accept-cfd92a0a0f-redis-1 Waiting 
 Container a2a-accept-cfd92a0a0f-provider-1 Healthy 
 Container a2a-accept-cfd92a0a0f-opa-1 Healthy 
 Container a2a-accept-cfd92a0a0f-postgres-1 Healthy 
 Container a2a-accept-cfd92a0a0f-init-1 Exited 
 Container a2a-accept-cfd92a0a0f-presidio-1 Healthy 
 Container a2a-accept-cfd92a0a0f-redis-1 Healthy 
 Container a2a-accept-cfd92a0a0f-hub-1 Healthy 
