........................................................................ [ 57%]
.....................................................                    [100%]
=============================== warnings summary ===============================
app/core/security.py:53: 1 warning
tests/contracts/test_delivery_faults.py: 4 warnings
tests/contracts/test_failure_diagnostics.py: 19 warnings
tests/hacker_agent.py: 2 warnings
tests/test_auth.py: 9 warnings
tests/test_broadcast_sse.py: 8 warnings
tests/test_proxy_chaos.py: 1 warning
  /home/runner/work/A2A/A2A/app/core/security.py:53: DeprecationWarning: datetime.datetime.utcnow() is deprecated and scheduled for removal in a future version. Use timezone-aware objects to represent datetimes in UTC: datetime.datetime.now(datetime.UTC).
    now = datetime.utcnow()

tests/conftest.py:289
tests/test_auth.py::TestExpiredJWT::test_expired_jwt_on_query
tests/test_auth.py::TestExpiredJWT::test_expired_jwt_on_discover
tests/test_auth.py::TestExpiredJWT::test_expired_jwt_on_publish
  /home/runner/work/A2A/A2A/tests/conftest.py:289: DeprecationWarning: datetime.datetime.utcnow() is deprecated and scheduled for removal in a future version. Use timezone-aware objects to represent datetimes in UTC: datetime.datetime.now(datetime.UTC).
    now = datetime.utcnow()

tests/contracts/test_delivery_faults.py: 12 warnings
tests/contracts/test_failure_diagnostics.py: 47 warnings
tests/hacker_agent.py: 5 warnings
tests/test_auth.py: 12 warnings
tests/test_broadcast_sse.py: 16 warnings
tests/test_proxy_chaos.py: 2 warnings
  /home/runner/work/A2A/A2A/.venv-ci/lib/python3.12/site-packages/sqlalchemy/sql/schema.py:3624: DeprecationWarning: datetime.datetime.utcnow() is deprecated and scheduled for removal in a future version. Use timezone-aware objects to represent datetimes in UTC: datetime.datetime.now(datetime.UTC).
    return util.wrap_callable(lambda ctx: fn(), fn)  # type: ignore

tests/test_auth.py::TestForgedToken::test_wrong_secret_token
  /home/runner/work/A2A/A2A/tests/test_auth.py:138: DeprecationWarning: datetime.datetime.utcnow() is deprecated and scheduled for removal in a future version. Use timezone-aware objects to represent datetimes in UTC: datetime.datetime.now(datetime.UTC).
    "iat": datetime.utcnow(),

tests/test_auth.py::TestForgedToken::test_wrong_secret_token
  /home/runner/work/A2A/A2A/tests/test_auth.py:139: DeprecationWarning: datetime.datetime.utcnow() is deprecated and scheduled for removal in a future version. Use timezone-aware objects to represent datetimes in UTC: datetime.datetime.now(datetime.UTC).
    "exp": datetime.utcnow() + timedelta(hours=1),

tests/test_auth.py::TestForgedToken::test_wrong_secret_token
  /home/runner/work/A2A/A2A/.venv-ci/lib/python3.12/site-packages/jwt/api_jwt.py:147: InsecureKeyLengthWarning: The HMAC key is 16 bytes long, which is below the minimum recommended length of 32 bytes for SHA256. See RFC 7518 Section 3.2.
    return self._jws.encode(

-- Docs: https://docs.pytest.org/en/stable/how-to/capture-warnings.html
125 passed, 145 warnings in 19.78s
