 Container a2a-accept-31d3cd5f97-hub-1 Stopping 
 Container a2a-accept-31d3cd5f97-hub-1 Stopped 
 Container a2a-accept-31d3cd5f97-hub-1 Removing 
 Container a2a-accept-31d3cd5f97-hub-1 Removed 
 Container a2a-accept-31d3cd5f97-opa-1 Stopping 
 Container a2a-accept-31d3cd5f97-redis-1 Stopping 
 Container a2a-accept-31d3cd5f97-provider-1 Stopping 
 Container a2a-accept-31d3cd5f97-presidio-1 Stopping 
 Container a2a-accept-31d3cd5f97-opa-1 Stopped 
 Container a2a-accept-31d3cd5f97-opa-1 Removing 
 Container a2a-accept-31d3cd5f97-opa-1 Removed 
 Container a2a-accept-31d3cd5f97-redis-1 Stopped 
 Container a2a-accept-31d3cd5f97-redis-1 Removing 
 Container a2a-accept-31d3cd5f97-redis-1 Removed 
 Container a2a-accept-31d3cd5f97-presidio-1 Stopped 
 Container a2a-accept-31d3cd5f97-presidio-1 Removing 
 Container a2a-accept-31d3cd5f97-presidio-1 Removed 
 Container a2a-accept-31d3cd5f97-provider-1 Stopped 
 Container a2a-accept-31d3cd5f97-provider-1 Removing 
 Container a2a-accept-31d3cd5f97-provider-1 Removed 
 Container a2a-accept-31d3cd5f97-init-1 Stopping 
 Container a2a-accept-31d3cd5f97-init-1 Stopped 
 Container a2a-accept-31d3cd5f97-init-1 Removing 
 Container a2a-accept-31d3cd5f97-init-1 Removed 
 Container a2a-accept-31d3cd5f97-postgres-1 Stopping 
 Container a2a-accept-31d3cd5f97-postgres-1 Stopped 
 Container a2a-accept-31d3cd5f97-postgres-1 Removing 
 Container a2a-accept-31d3cd5f97-postgres-1 Removed 
 Network a2a-accept-31d3cd5f97_local Removing 
 Network a2a-accept-31d3cd5f97_local Removed 
