 Container a2a-accept-31d3cd5f97-redis-1 Running 
 Container a2a-accept-31d3cd5f97-hub-1 Running 
 Container a2a-accept-31d3cd5f97-presidio-1 Running 
 Container a2a-accept-31d3cd5f97-postgres-1 Running 
 Container a2a-accept-31d3cd5f97-provider-1 Running 
 Container a2a-accept-31d3cd5f97-opa-1 Running 
 Container a2a-accept-31d3cd5f97-postgres-1 Waiting 
 Container a2a-accept-31d3cd5f97-postgres-1 Healthy 
 Container a2a-accept-31d3cd5f97-init-1 Starting 
 Container a2a-accept-31d3cd5f97-init-1 Started 
 Container a2a-accept-31d3cd5f97-init-1 Waiting 
 Container a2a-accept-31d3cd5f97-init-1 Exited 
 Container a2a-accept-31d3cd5f97-init-1 Waiting 
 Container a2a-accept-31d3cd5f97-init-1 Exited 
 Container a2a-accept-31d3cd5f97-hub-1 Waiting 
 Container a2a-accept-31d3cd5f97-hub-1 Healthy 
 Container a2a-accept-31d3cd5f97-measure-run-309c506e15ae Creating 
 Container a2a-accept-31d3cd5f97-measure-run-309c506e15ae Created 
{"view": "internal-project", "concurrency": 1, "attempts": 100, "errors": 0, "error_rate": 0.0, "timeouts": 0, "timeout_rate": 0.0, "p50_ms": 62.57191699842224, "p95_ms": 70.89999999880092, "throughput_per_second": 15.52439634472741, "phases": {"authentication_ms": {"samples": 100, "p50": 0.5753340010414831, "p95": 0.8002500035217963}, "binding_ms": {"samples": 100, "p50": 12.170583999250084, "p95": 13.637167001434136}, "authorization_ms": {"samples": 100, "p50": 23.930625000502914, "p95": 26.0768329972052}, "upstream_ms": {"samples": 100, "p50": 2.991125002154149, "p95": 3.670750003948342}, "validation_ms": {"samples": 100, "p50": 19.333833995915484, "p95": 20.68229200085625}, "detection_ms": {"samples": 100, "p50": 0.0014999968698248267, "p95": 0.001958003849722445}, "pg_commit_ms": {"samples": 100, "p50": 2.0998330001020804, "p95": 2.918875004979782}}}
{"view": "internal-project", "concurrency": 5, "attempts": 100, "errors": 0, "error_rate": 0.0, "timeouts": 0, "timeout_rate": 0.0, "p50_ms": 297.5083339988487, "p95_ms": 337.5379169956432, "throughput_per_second": 16.585930610753987, "phases": {"authentication_ms": {"samples": 100, "p50": 45.54666599869961, "p95": 76.8532910005888}, "binding_ms": {"samples": 100, "p50": 32.73441700002877, "p95": 39.02933299832512}, "authorization_ms": {"samples": 100, "p50": 36.806500000238884, "p95": 60.903417004738}, "upstream_ms": {"samples": 100, "p50": 53.380792000098154, "p95": 73.20691699715098}, "validation_ms": {"samples": 100, "p50": 19.260166998719797, "p95": 21.170542000618298}, "detection_ms": {"samples": 100, "p50": 0.0013749959180131555, "p95": 0.0017499987734481692}, "pg_commit_ms": {"samples": 100, "p50": 105.59924999688519, "p95": 144.16816699667834}}}
{"view": "internal-project", "concurrency": 10, "attempts": 100, "errors": 0, "error_rate": 0.0, "timeouts": 0, "timeout_rate": 0.0, "p50_ms": 602.9775839997455, "p95_ms": 768.6451249974198, "throughput_per_second": 16.302864057252442, "phases": {"authentication_ms": {"samples": 100, "p50": 47.513292003714014, "p95": 88.29833300114842}, "binding_ms": {"samples": 100, "p50": 33.475999996881, "p95": 92.0403330019326}, "authorization_ms": {"samples": 100, "p50": 36.498374996881466, "p95": 94.18687500146916}, "upstream_ms": {"samples": 100, "p50": 58.5141260016826, "p95": 114.9229170041508}, "validation_ms": {"samples": 100, "p50": 19.388208995223977, "p95": 21.87862400751328}, "detection_ms": {"samples": 100, "p50": 0.0013749959180131555, "p95": 0.0018749997252598405}, "pg_commit_ms": {"samples": 100, "p50": 398.12179200089304, "p95": 449.8552919976646}}}
{"view": "external-collaboration", "concurrency": 1, "attempts": 100, "errors": 0, "error_rate": 0.0, "timeouts": 0, "timeout_rate": 0.0, "p50_ms": 65.68945799517678, "p95_ms": 86.21695799956797, "throughput_per_second": 14.533207625948396, "phases": {"authentication_ms": {"samples": 100, "p50": 0.5746250026277266, "p95": 0.8410410009673797}, "binding_ms": {"samples": 100, "p50": 12.22970800154144, "p95": 15.220749999571126}, "authorization_ms": {"samples": 100, "p50": 24.024166996241547, "p95": 28.786332994059194}, "upstream_ms": {"samples": 100, "p50": 3.1573329979437403, "p95": 4.293458005122375}, "validation_ms": {"samples": 100, "p50": 18.68054200167535, "p95": 24.435041996184736}, "detection_ms": {"samples": 100, "p50": 3.2157920068129897, "p95": 5.3407500017783605}, "pg_commit_ms": {"samples": 100, "p50": 2.0922909970977344, "p95": 3.433084006246645}}}
{"view": "external-collaboration", "concurrency": 5, "attempts": 100, "errors": 0, "error_rate": 0.0, "timeouts": 0, "timeout_rate": 0.0, "p50_ms": 309.12241699843435, "p95_ms": 376.66387500212295, "throughput_per_second": 15.908472821168715, "phases": {"authentication_ms": {"samples": 100, "p50": 26.024083999800496, "p95": 59.244541997031774}, "binding_ms": {"samples": 100, "p50": 19.845291993988212, "p95": 46.37416599871358}, "authorization_ms": {"samples": 100, "p50": 29.051167002762668, "p95": 51.85154100036016}, "upstream_ms": {"samples": 100, "p50": 38.68604200397385, "p95": 59.88512500334764}, "validation_ms": {"samples": 100, "p50": 18.560625998361502, "p95": 19.716500006325077}, "detection_ms": {"samples": 100, "p50": 80.40495799650671, "p95": 118.60866699862527}, "pg_commit_ms": {"samples": 100, "p50": 75.64608300162945, "p95": 113.75604199565714}}}
{"view": "external-collaboration", "concurrency": 10, "attempts": 100, "errors": 0, "error_rate": 0.0, "timeouts": 0, "timeout_rate": 0.0, "p50_ms": 624.9103340014699, "p95_ms": 794.5491260034032, "throughput_per_second": 15.77926138029553, "phases": {"authentication_ms": {"samples": 100, "p50": 60.26916699920548, "p95": 99.99812499881955}, "binding_ms": {"samples": 100, "p50": 30.29758299817331, "p95": 82.82616700307699}, "authorization_ms": {"samples": 100, "p50": 43.05687499436317, "p95": 100.15987499355106}, "upstream_ms": {"samples": 100, "p50": 57.92645899782656, "p95": 88.06100000219885}, "validation_ms": {"samples": 100, "p50": 18.62737600458786, "p95": 20.964125003956724}, "detection_ms": {"samples": 100, "p50": 139.33404099952895, "p95": 184.48454199824482}, "pg_commit_ms": {"samples": 100, "p50": 273.9910840027733, "p95": 335.79387499776203}}}
PASS AC-23: complete attempts, per-concurrency end-to-end/phase metrics and recovery backlog recorded
