 Container a2a-accept-31d3cd5f97-opa-1 Running 
 Container a2a-accept-31d3cd5f97-presidio-1 Running 
 Container a2a-accept-31d3cd5f97-hub-1 Running 
 Container a2a-accept-31d3cd5f97-postgres-1 Running 
 Container a2a-accept-31d3cd5f97-redis-1 Running 
 Container a2a-accept-31d3cd5f97-provider-1 Running 
 Container a2a-accept-31d3cd5f97-postgres-1 Waiting 
 Container a2a-accept-31d3cd5f97-postgres-1 Healthy 
 Container a2a-accept-31d3cd5f97-init-1 Starting 
 Container a2a-accept-31d3cd5f97-init-1 Started 
 Container a2a-accept-31d3cd5f97-init-1 Waiting 
 Container a2a-accept-31d3cd5f97-init-1 Exited 
 Container a2a-accept-31d3cd5f97-init-1 Waiting 
 Container a2a-accept-31d3cd5f97-init-1 Exited 
 Container a2a-accept-31d3cd5f97-provider-1 Waiting 
 Container a2a-accept-31d3cd5f97-opa-1 Waiting 
 Container a2a-accept-31d3cd5f97-presidio-1 Waiting 
 Container a2a-accept-31d3cd5f97-hub-1 Waiting 
 Container a2a-accept-31d3cd5f97-postgres-1 Waiting 
 Container a2a-accept-31d3cd5f97-init-1 Waiting 
 Container a2a-accept-31d3cd5f97-redis-1 Waiting 
 Container a2a-accept-31d3cd5f97-presidio-1 Healthy 
 Container a2a-accept-31d3cd5f97-redis-1 Healthy 
 Container a2a-accept-31d3cd5f97-opa-1 Healthy 
 Container a2a-accept-31d3cd5f97-hub-1 Healthy 
 Container a2a-accept-31d3cd5f97-init-1 Exited 
 Container a2a-accept-31d3cd5f97-provider-1 Healthy 
 Container a2a-accept-31d3cd5f97-postgres-1 Healthy 
