 Network a2a-accept-31d3cd5f97_local Creating 
 Volume a2a-accept-31d3cd5f97_data Creating 
 Volume a2a-accept-31d3cd5f97_secrets Creating 
 Volume a2a-accept-31d3cd5f97_public Creating 
 Volume a2a-accept-31d3cd5f97_measurements Creating 
 Volume a2a-accept-31d3cd5f97_measurements Creating 
 Network a2a-accept-31d3cd5f97_local Creating 
 Volume a2a-accept-31d3cd5f97_secrets Creating 
 Volume a2a-accept-31d3cd5f97_data Creating 
 Volume a2a-accept-31d3cd5f97_public Creating 
 Volume a2a-accept-31d3cd5f97_measurements Created 
 Volume a2a-accept-31d3cd5f97_measurements Created 
 Volume a2a-accept-31d3cd5f97_secrets Created 
 Volume a2a-accept-31d3cd5f97_secrets Created 
 Volume a2a-accept-31d3cd5f97_public Created 
 Volume a2a-accept-31d3cd5f97_public Created 
 Volume a2a-accept-31d3cd5f97_data Created 
 Volume a2a-accept-31d3cd5f97_data Created 
 Network a2a-accept-31d3cd5f97_local Created 
 Network a2a-accept-31d3cd5f97_local Created 
 Container a2a-accept-31d3cd5f97-redis-1 Creating 
 Container a2a-accept-31d3cd5f97-presidio-1 Creating 
 Container a2a-accept-31d3cd5f97-postgres-1 Creating 
 Container a2a-accept-31d3cd5f97-opa-1 Creating 
 Container a2a-accept-31d3cd5f97-opa-1 Created 
 Container a2a-accept-31d3cd5f97-presidio-1 Created 
 Container a2a-accept-31d3cd5f97-redis-1 Created 
 Container a2a-accept-31d3cd5f97-postgres-1 Created 
 Container a2a-accept-31d3cd5f97-init-1 Creating 
 Container a2a-accept-31d3cd5f97-init-1 Created 
 Container a2a-accept-31d3cd5f97-provider-1 Creating 
 Container a2a-accept-31d3cd5f97-provider-1 Created 
 Container a2a-accept-31d3cd5f97-hub-1 Creating 
 Container a2a-accept-31d3cd5f97-hub-1 Created 
 Container a2a-accept-31d3cd5f97-redis-1 Starting 
 Container a2a-accept-31d3cd5f97-opa-1 Starting 
 Container a2a-accept-31d3cd5f97-postgres-1 Starting 
 Container a2a-accept-31d3cd5f97-presidio-1 Starting 
 Container a2a-accept-31d3cd5f97-redis-1 Started 
 Container a2a-accept-31d3cd5f97-opa-1 Started 
 Container a2a-accept-31d3cd5f97-postgres-1 Started 
 Container a2a-accept-31d3cd5f97-postgres-1 Waiting 
 Container a2a-accept-31d3cd5f97-presidio-1 Started 
 Container a2a-accept-31d3cd5f97-postgres-1 Healthy 
 Container a2a-accept-31d3cd5f97-init-1 Starting 
 Container a2a-accept-31d3cd5f97-init-1 Started 
 Container a2a-accept-31d3cd5f97-init-1 Waiting 
 Container a2a-accept-31d3cd5f97-init-1 Exited 
 Container a2a-accept-31d3cd5f97-provider-1 Starting 
 Container a2a-accept-31d3cd5f97-provider-1 Started 
 Container a2a-accept-31d3cd5f97-init-1 Waiting 
 Container a2a-accept-31d3cd5f97-init-1 Exited 
 Container a2a-accept-31d3cd5f97-hub-1 Starting 
 Container a2a-accept-31d3cd5f97-hub-1 Started 
 Container a2a-accept-31d3cd5f97-init-1 Waiting 
 Container a2a-accept-31d3cd5f97-opa-1 Waiting 
 Container a2a-accept-31d3cd5f97-provider-1 Waiting 
 Container a2a-accept-31d3cd5f97-hub-1 Waiting 
 Container a2a-accept-31d3cd5f97-postgres-1 Waiting 
 Container a2a-accept-31d3cd5f97-redis-1 Waiting 
 Container a2a-accept-31d3cd5f97-presidio-1 Waiting 
 Container a2a-accept-31d3cd5f97-presidio-1 Healthy 
 Container a2a-accept-31d3cd5f97-provider-1 Healthy 
 Container a2a-accept-31d3cd5f97-redis-1 Healthy 
 Container a2a-accept-31d3cd5f97-postgres-1 Healthy 
 Container a2a-accept-31d3cd5f97-opa-1 Healthy 
 Container a2a-accept-31d3cd5f97-init-1 Exited 
 Container a2a-accept-31d3cd5f97-hub-1 Healthy 
