 Image a2a-accept-ec0b3149f7-init Building 
 Image a2a-accept-ec0b3149f7-measure Building 
 Image a2a-accept-ec0b3149f7-demo Building 
 Image a2a-accept-ec0b3149f7-hub Building 
 Image a2a-accept-ec0b3149f7-presidio Building 
 Image a2a-accept-ec0b3149f7-provider Building 
#1 [internal] load local bake definitions
#1 reading from stdin 4.00kB done
#1 DONE 0.0s

#2 [hub internal] load build definition from Dockerfile.offline
#2 DONE 0.0s

#3 [presidio internal] load build definition from Dockerfile.offline
#3 transferring dockerfile: 463B done
#3 DONE 0.0s

#2 [hub internal] load build definition from Dockerfile.offline
#2 transferring dockerfile: 598B done
#2 DONE 0.0s

#4 [presidio context wheels] load .dockerignore
#4 transferring wheels: 2B done
#4 DONE 0.0s

#5 [measure context wheels] load .dockerignore
#5 transferring wheels: 2B done
#5 DONE 0.0s

#6 [demo internal] load metadata for docker.io/library/python:3.12.14-slim
#6 DONE 0.0s

#7 [presidio internal] load .dockerignore
#7 transferring context: 127B done
#7 DONE 0.0s

#8 [presidio internal] load build context
#8 transferring context: 1.46kB done
#8 DONE 0.0s

#9 [demo stage-0  1/13] FROM docker.io/library/python:3.12.14-slim@sha256:78387bc3881b8273120a12ebe6c1ab22b018ccc2c9adf565ae1ac9b536e184ea
#9 resolve docker.io/library/python:3.12.14-slim@sha256:78387bc3881b8273120a12ebe6c1ab22b018ccc2c9adf565ae1ac9b536e184ea 0.0s done
#9 DONE 0.0s

#10 [init stage-0  2/13] WORKDIR /hub
#10 CACHED

#11 [measure internal] load build context
#11 transferring context: 304.95kB 0.0s done
#11 DONE 0.0s

#12 [presidio stage-0 3/7] COPY requirements-presidio.lock ./
#12 DONE 0.0s

#13 [measure context wheels] load from client
#13 ...

#14 [provider stage-0  3/13] COPY requirements-hub.lock ./
#14 DONE 0.1s

#13 [measure context wheels] load from client
#13 transferring wheels: 19.17MB 0.2s done
#13 DONE 0.2s

#15 [hub stage-0  4/13] COPY --from=wheels / /wheels/
#15 DONE 0.1s

#16 [demo stage-0  5/13] RUN pip install --no-index --find-links=/wheels -r requirements-hub.lock && pip check
#16 ...

#17 [presidio context wheels] load from client
#17 transferring wheels: 41.56MB 0.5s done
#17 DONE 0.5s

#18 [presidio stage-0 4/7] COPY --from=wheels / /wheels/
#18 DONE 0.1s

#19 [presidio stage-0 5/7] RUN pip install --no-index --find-links=/wheels -r requirements-presidio.lock && pip check
#19 0.737 Looking in links: /wheels
#19 0.737 Ignoring click: markers 'python_version < "3.10"' don't match your environment
#19 0.739 Processing /wheels/annotated_doc-0.0.5-py3-none-any.whl (from -r requirements-presidio.lock (line 1))
#19 0.742 Processing /wheels/annotated_types-0.7.0-py3-none-any.whl (from -r requirements-presidio.lock (line 2))
#19 0.743 Processing /wheels/anyio-4.12.1-py3-none-any.whl (from -r requirements-presidio.lock (line 3))
#19 0.744 Processing /wheels/blis-0.7.11-cp312-cp312-manylinux_2_17_aarch64.manylinux2014_aarch64.whl (from -r requirements-presidio.lock (line 4))
#19 0.747 Processing /wheels/catalogue-2.0.10-py3-none-any.whl (from -r requirements-presidio.lock (line 5))
#19 0.748 Processing /wheels/certifi-2026.7.22-py3-none-any.whl (from -r requirements-presidio.lock (line 6))
#19 0.749 Processing /wheels/cffi-2.0.0-cp312-cp312-manylinux2014_aarch64.manylinux_2_17_aarch64.whl (from -r requirements-presidio.lock (line 7))
#19 0.750 Processing /wheels/charset_normalizer-3.5.1-cp312-cp312-manylinux2014_aarch64.manylinux_2_17_aarch64.manylinux_2_28_aarch64.whl (from -r requirements-presidio.lock (line 8))
#19 0.752 Processing /wheels/click-8.2.1-py3-none-any.whl (from -r requirements-presidio.lock (line 10))
#19 0.752 Processing /wheels/cloudpathlib-0.25.0-py3-none-any.whl (from -r requirements-presidio.lock (line 11))
#19 0.754 Processing /wheels/confection-0.1.5-py3-none-any.whl (from -r requirements-presidio.lock (line 12))
#19 0.756 Processing /wheels/cryptography-44.0.3-cp39-abi3-manylinux_2_28_aarch64.whl (from -r requirements-presidio.lock (line 13))
#19 0.760 Processing /wheels/cymem-2.0.13-cp312-cp312-manylinux2014_aarch64.manylinux_2_17_aarch64.whl (from -r requirements-presidio.lock (line 14))
#19 0.762 Processing /wheels/exceptiongroup-1.3.1-py3-none-any.whl (from -r requirements-presidio.lock (line 15))
#19 0.763 Processing /wheels/fastapi-0.128.8-py3-none-any.whl (from -r requirements-presidio.lock (line 16))
#19 0.766 Processing /wheels/filelock-3.19.1-py3-none-any.whl (from -r requirements-presidio.lock (line 17))
#19 0.767 Processing /wheels/h11-0.16.0-py3-none-any.whl (from -r requirements-presidio.lock (line 18))
#19 0.768 Processing /wheels/httpcore-1.0.9-py3-none-any.whl (from -r requirements-presidio.lock (line 19))
#19 0.769 Processing /wheels/httpx-0.28.1-py3-none-any.whl (from -r requirements-presidio.lock (line 20))
#19 0.771 Processing /wheels/idna-3.19-py3-none-any.whl (from -r requirements-presidio.lock (line 21))
#19 0.772 Processing /wheels/jinja2-3.1.6-py3-none-any.whl (from -r requirements-presidio.lock (line 22))
#19 0.773 Processing /wheels/langcodes-3.5.1-py3-none-any.whl (from -r requirements-presidio.lock (line 23))
#19 0.775 Processing /wheels/markdown_it_py-3.0.0-py3-none-any.whl (from -r requirements-presidio.lock (line 24))
#19 0.777 Processing /wheels/markupsafe-3.0.3-cp312-cp312-manylinux2014_aarch64.manylinux_2_17_aarch64.manylinux_2_28_aarch64.whl (from -r requirements-presidio.lock (line 25))
#19 0.778 Processing /wheels/mdurl-0.1.2-py3-none-any.whl (from -r requirements-presidio.lock (line 26))
#19 0.779 Processing /wheels/murmurhash-1.0.15-cp312-cp312-manylinux2014_aarch64.manylinux_2_17_aarch64.whl (from -r requirements-presidio.lock (line 27))
#19 0.780 Processing /wheels/numpy-1.26.4-cp312-cp312-manylinux_2_17_aarch64.manylinux2014_aarch64.whl (from -r requirements-presidio.lock (line 28))
#19 0.793 Processing /wheels/packaging-26.3-py3-none-any.whl (from -r requirements-presidio.lock (line 29))
#19 0.794 Processing /wheels/phonenumbers-9.0.39-py2.py3-none-any.whl (from -r requirements-presidio.lock (line 30))
#19 0.798 Processing /wheels/preshed-3.0.13-cp312-cp312-manylinux2014_aarch64.manylinux_2_17_aarch64.whl (from -r requirements-presidio.lock (line 31))
#19 0.800 Processing /wheels/presidio_analyzer-2.2.360-py3-none-any.whl (from -r requirements-presidio.lock (line 32))
#19 0.802 Processing /wheels/presidio_anonymizer-2.2.360-py3-none-any.whl (from -r requirements-presidio.lock (line 33))
#19 0.803 Processing /wheels/pycparser-2.23-py3-none-any.whl (from -r requirements-presidio.lock (line 34))
#19 0.804 Processing /wheels/pydantic-2.13.5-py3-none-any.whl (from -r requirements-presidio.lock (line 35))
#19 0.806 Processing /wheels/pydantic_core-2.46.5-cp312-cp312-manylinux_2_17_aarch64.manylinux2014_aarch64.whl (from -r requirements-presidio.lock (line 36))
#19 0.809 Processing /wheels/pygments-2.21.0-py3-none-any.whl (from -r requirements-presidio.lock (line 37))
#19 0.811 Processing /wheels/pyyaml-6.0.3-cp312-cp312-manylinux2014_aarch64.manylinux_2_17_aarch64.manylinux_2_28_aarch64.whl (from -r requirements-presidio.lock (line 38))
#19 0.813 Processing /wheels/regex-2026.1.15-cp312-cp312-manylinux2014_aarch64.manylinux_2_17_aarch64.manylinux_2_28_aarch64.whl (from -r requirements-presidio.lock (line 39))
#19 0.815 Processing /wheels/requests-2.32.5-py3-none-any.whl (from -r requirements-presidio.lock (line 40))
#19 0.816 Processing /wheels/requests_file-3.0.1-py2.py3-none-any.whl (from -r requirements-presidio.lock (line 41))
#19 0.817 Processing /wheels/rich-15.0.0-py3-none-any.whl (from -r requirements-presidio.lock (line 42))
#19 0.818 Processing /wheels/shellingham-1.5.4-py2.py3-none-any.whl (from -r requirements-presidio.lock (line 43))
#19 0.819 Processing /wheels/smart_open-7.5.0-py3-none-any.whl (from -r requirements-presidio.lock (line 44))
#19 0.822 Processing /wheels/spacy-3.7.5-cp312-cp312-manylinux_2_17_aarch64.manylinux2014_aarch64.whl (from -r requirements-presidio.lock (line 45))
#19 0.832 Processing /wheels/spacy_legacy-3.0.12-py2.py3-none-any.whl (from -r requirements-presidio.lock (line 46))
#19 0.833 Processing /wheels/spacy_loggers-1.0.5-py3-none-any.whl (from -r requirements-presidio.lock (line 47))
#19 0.834 Processing /wheels/srsly-2.5.3-cp312-cp312-manylinux2014_aarch64.manylinux_2_17_aarch64.whl (from -r requirements-presidio.lock (line 48))
#19 0.836 Processing /wheels/starlette-0.49.3-py3-none-any.whl (from -r requirements-presidio.lock (line 49))
#19 0.837 Processing /wheels/thinc-8.2.5-cp312-cp312-manylinux_2_17_aarch64.manylinux2014_aarch64.whl (from -r requirements-presidio.lock (line 50))
#19 0.842 Processing /wheels/tldextract-5.3.0-py3-none-any.whl (from -r requirements-presidio.lock (line 51))
#19 0.845 Processing /wheels/tqdm-4.70.1-py3-none-any.whl (from -r requirements-presidio.lock (line 52))
#19 0.848 Processing /wheels/typer-0.23.2-py3-none-any.whl (from -r requirements-presidio.lock (line 53))
#19 0.849 Processing /wheels/typer_slim-0.23.2-py3-none-any.whl (from -r requirements-presidio.lock (line 54))
#19 0.850 Processing /wheels/typing_inspection-0.4.2-py3-none-any.whl (from -r requirements-presidio.lock (line 55))
#19 0.851 Processing /wheels/typing_extensions-4.16.0-py3-none-any.whl (from -r requirements-presidio.lock (line 56))
#19 0.851 Processing /wheels/urllib3-2.6.3-py3-none-any.whl (from -r requirements-presidio.lock (line 57))
#19 0.853 Processing /wheels/uvicorn-0.39.0-py3-none-any.whl (from -r requirements-presidio.lock (line 58))
#19 0.854 Processing /wheels/wasabi-1.1.3-py3-none-any.whl (from -r requirements-presidio.lock (line 59))
#19 0.856 Processing /wheels/weasel-0.4.3-py3-none-any.whl (from -r requirements-presidio.lock (line 60))
#19 0.857 Processing /wheels/wrapt-2.4.1-cp312-cp312-manylinux2014_aarch64.manylinux_2_17_aarch64.manylinux_2_28_aarch64.whl (from -r requirements-presidio.lock (line 61))
#19 0.858 Processing /wheels/setuptools-80.9.0-py3-none-any.whl (from -r requirements-presidio.lock (line 62))
#19 0.961 Installing collected packages: wrapt, wasabi, urllib3, typing_extensions, tqdm, spacy-loggers, spacy-legacy, shellingham, setuptools, regex, PyYAML, Pygments, pycparser, phonenumbers, packaging, numpy, murmurhash, mdurl, MarkupSafe, langcodes, idna, h11, filelock, cymem, cloudpathlib, click, charset-normalizer, certifi, catalogue, annotated-types, annotated-doc, uvicorn, typing-inspection, srsly, smart_open, requests, pydantic_core, preshed, markdown-it-py, Jinja2, httpcore, exceptiongroup, cffi, blis, anyio, starlette, rich, requests-file, pydantic, httpx, cryptography, typer, tldextract, presidio_anonymizer, fastapi, confection, typer-slim, thinc, weasel, spacy, presidio_analyzer
#19 ...

#16 [init stage-0  5/13] RUN pip install --no-index --find-links=/wheels -r requirements-hub.lock && pip check
#16 0.845 Looking in links: /wheels
#16 0.848 Processing /wheels/a2a_sdk-0.3.0-py3-none-any.whl (from -r requirements-hub.lock (line 1))
#16 0.852 Processing /wheels/alembic-1.16.5-py3-none-any.whl (from -r requirements-hub.lock (line 2))
#16 0.853 Processing /wheels/annotated_doc-0.0.4-py3-none-any.whl (from -r requirements-hub.lock (line 3))
#16 0.854 Processing /wheels/annotated_types-0.7.0-py3-none-any.whl (from -r requirements-hub.lock (line 4))
#16 0.855 Processing /wheels/anyio-4.12.1-py3-none-any.whl (from -r requirements-hub.lock (line 5))
#16 0.856 Processing /wheels/async_timeout-5.0.1-py3-none-any.whl (from -r requirements-hub.lock (line 6))
#16 0.857 Processing /wheels/asyncpg-0.31.0-cp312-cp312-manylinux_2_28_aarch64.whl (from -r requirements-hub.lock (line 7))
#16 0.860 Processing /wheels/attrs-26.1.0-py3-none-any.whl (from -r requirements-hub.lock (line 8))
#16 0.861 Processing /wheels/bcrypt-5.0.0-cp39-abi3-manylinux_2_28_aarch64.whl (from -r requirements-hub.lock (line 9))
#16 0.862 Processing /wheels/certifi-2026.2.25-py3-none-any.whl (from -r requirements-hub.lock (line 10))
#16 0.863 Processing /wheels/cffi-2.1.1-cp312-cp312-manylinux2014_aarch64.manylinux_2_17_aarch64.whl (from -r requirements-hub.lock (line 11))
#16 0.864 Processing /wheels/charset_normalizer-3.5.1-cp312-cp312-manylinux2014_aarch64.manylinux_2_17_aarch64.manylinux_2_28_aarch64.whl (from -r requirements-hub.lock (line 12))
#16 0.866 Processing /wheels/click-8.1.8-py3-none-any.whl (from -r requirements-hub.lock (line 13))
#16 0.866 Processing /wheels/cryptography-46.0.5-cp311-abi3-manylinux_2_28_aarch64.whl (from -r requirements-hub.lock (line 14))
#16 0.872 Processing /wheels/exceptiongroup-1.3.1-py3-none-any.whl (from -r requirements-hub.lock (line 15))
#16 0.873 Processing /wheels/fastapi-0.128.8-py3-none-any.whl (from -r requirements-hub.lock (line 16))
#16 0.876 Processing /wheels/google_api_core-2.30.3-py3-none-any.whl (from -r requirements-hub.lock (line 17))
#16 0.877 Processing /wheels/google_auth-2.58.0-py3-none-any.whl (from -r requirements-hub.lock (line 18))
#16 0.881 Processing /wheels/googleapis_common_protos-1.75.0-py3-none-any.whl (from -r requirements-hub.lock (line 19))
#16 0.883 Processing /wheels/greenlet-3.2.5-cp312-cp312-manylinux2014_aarch64.manylinux_2_17_aarch64.whl (from -r requirements-hub.lock (line 20))
#16 0.884 Processing /wheels/h11-0.16.0-py3-none-any.whl (from -r requirements-hub.lock (line 21))
#16 0.885 Processing /wheels/httpcore-1.0.9-py3-none-any.whl (from -r requirements-hub.lock (line 22))
#16 0.887 Processing /wheels/httpx-0.28.1-py3-none-any.whl (from -r requirements-hub.lock (line 23))
#16 0.888 Processing /wheels/httpx_sse-0.4.3-py3-none-any.whl (from -r requirements-hub.lock (line 24))
#16 0.889 Processing /wheels/idna-3.11-py3-none-any.whl (from -r requirements-hub.lock (line 25))
#16 0.890 Processing /wheels/jsonschema-4.25.1-py3-none-any.whl (from -r requirements-hub.lock (line 26))
#16 0.891 Processing /wheels/jsonschema_specifications-2025.9.1-py3-none-any.whl (from -r requirements-hub.lock (line 27))
#16 0.892 Processing /wheels/mako-1.3.10-py3-none-any.whl (from -r requirements-hub.lock (line 28))
#16 0.893 Processing /wheels/markupsafe-3.0.3-cp312-cp312-manylinux2014_aarch64.manylinux_2_17_aarch64.manylinux_2_28_aarch64.whl (from -r requirements-hub.lock (line 29))
#16 0.894 Processing /wheels/proto_plus-1.28.2-py3-none-any.whl (from -r requirements-hub.lock (line 30))
#16 0.895 Processing /wheels/protobuf-5.29.5-cp38-abi3-manylinux2014_aarch64.whl (from -r requirements-hub.lock (line 31))
#16 0.896 Processing /wheels/pyasn1-0.6.4-py3-none-any.whl (from -r requirements-hub.lock (line 32))
#16 0.896 Processing /wheels/pyasn1_modules-0.4.2-py3-none-any.whl (from -r requirements-hub.lock (line 33))
#16 0.898 Processing /wheels/pycparser-3.0-py3-none-any.whl (from -r requirements-hub.lock (line 34))
#16 0.898 Processing /wheels/pydantic-2.12.5-py3-none-any.whl (from -r requirements-hub.lock (line 35))
#16 0.901 Processing /wheels/pydantic_settings-2.11.0-py3-none-any.whl (from -r requirements-hub.lock (line 36))
#16 0.902 Processing /wheels/pydantic_core-2.41.5-cp312-cp312-manylinux_2_17_aarch64.manylinux2014_aarch64.whl (from -r requirements-hub.lock (line 37))
#16 0.904 Processing /wheels/pyjwt-2.12.1-py3-none-any.whl (from -r requirements-hub.lock (line 38))
#16 0.905 Processing /wheels/python_dotenv-1.2.1-py3-none-any.whl (from -r requirements-hub.lock (line 39))
#16 0.907 Processing /wheels/redis-7.0.1-py3-none-any.whl (from -r requirements-hub.lock (line 40))
#16 0.908 Processing /wheels/referencing-0.37.0-py3-none-any.whl (from -r requirements-hub.lock (line 41))
#16 0.909 Processing /wheels/requests-2.34.2-py3-none-any.whl (from -r requirements-hub.lock (line 42))
#16 0.910 Processing /wheels/rpds_py-2026.6.3-cp312-cp312-manylinux_2_17_aarch64.manylinux2014_aarch64.whl (from -r requirements-hub.lock (line 43))
#16 0.911 Processing /wheels/sqlalchemy-2.0.48-cp312-cp312-manylinux2014_aarch64.manylinux_2_17_aarch64.manylinux_2_28_aarch64.whl (from -r requirements-hub.lock (line 44))
#16 0.918 Processing /wheels/sse_starlette-3.3.0-py3-none-any.whl (from -r requirements-hub.lock (line 45))
#16 0.921 Processing /wheels/starlette-0.49.3-py3-none-any.whl (from -r requirements-hub.lock (line 46))
#16 0.922 Processing /wheels/tomli-2.4.0-cp312-cp312-manylinux2014_aarch64.manylinux_2_17_aarch64.manylinux_2_28_aarch64.whl (from -r requirements-hub.lock (line 47))
#16 0.923 Processing /wheels/typing_inspection-0.4.2-py3-none-any.whl (from -r requirements-hub.lock (line 48))
#16 0.924 Processing /wheels/typing_extensions-4.15.0-py3-none-any.whl (from -r requirements-hub.lock (line 49))
#16 0.925 Processing /wheels/urllib3-2.7.0-py3-none-any.whl (from -r requirements-hub.lock (line 50))
#16 0.927 Processing /wheels/uvicorn-0.39.0-py3-none-any.whl (from -r requirements-hub.lock (line 51))
#16 0.991 Installing collected packages: urllib3, typing_extensions, tomli, rpds-py, redis, python-dotenv, PyJWT, pycparser, pyasn1, protobuf, MarkupSafe, idna, httpx-sse, h11, greenlet, click, charset-normalizer, certifi, bcrypt, attrs, asyncpg, async-timeout, annotated-types, annotated-doc, uvicorn, typing-inspection, SQLAlchemy, requests, referencing, pydantic_core, pyasn1_modules, proto-plus, Mako, httpcore, googleapis-common-protos, exceptiongroup, cffi, anyio, starlette, pydantic, jsonschema-specifications, httpx, cryptography, alembic, sse-starlette, pydantic-settings, jsonschema, google-auth, fastapi, google-api-core, a2a-sdk
#16 3.117 Successfully installed Mako-1.3.10 MarkupSafe-3.0.3 PyJWT-2.12.1 SQLAlchemy-2.0.48 a2a-sdk-0.3.0 alembic-1.16.5 annotated-doc-0.0.4 annotated-types-0.7.0 anyio-4.12.1 async-timeout-5.0.1 asyncpg-0.31.0 attrs-26.1.0 bcrypt-5.0.0 certifi-2026.2.25 cffi-2.1.1 charset-normalizer-3.5.1 click-8.1.8 cryptography-46.0.5 exceptiongroup-1.3.1 fastapi-0.128.8 google-api-core-2.30.3 google-auth-2.58.0 googleapis-common-protos-1.75.0 greenlet-3.2.5 h11-0.16.0 httpcore-1.0.9 httpx-0.28.1 httpx-sse-0.4.3 idna-3.11 jsonschema-4.25.1 jsonschema-specifications-2025.9.1 proto-plus-1.28.2 protobuf-5.29.5 pyasn1-0.6.4 pyasn1_modules-0.4.2 pycparser-3.0 pydantic-2.12.5 pydantic-settings-2.11.0 pydantic_core-2.41.5 python-dotenv-1.2.1 redis-7.0.1 referencing-0.37.0 requests-2.34.2 rpds-py-2026.6.3 sse-starlette-3.3.0 starlette-0.49.3 tomli-2.4.0 typing-inspection-0.4.2 typing_extensions-4.15.0 urllib3-2.7.0 uvicorn-0.39.0
#16 3.117 WARNING: Running pip as the 'root' user can result in broken permissions and conflicting behaviour with the system package manager, possibly rendering your system unusable. It is recommended to use a virtual environment instead: https://pip.pypa.io/warnings/venv. Use the --root-user-action option if you know what you are doing and want to suppress this warning.
#16 3.284 No broken requirements found.
#16 DONE 3.4s

#20 [measure stage-0  6/13] COPY app app
#20 DONE 0.0s

#21 [provider stage-0  7/13] COPY sdk sdk
#21 DONE 0.0s

#22 [measure stage-0  8/13] COPY examples examples
#22 DONE 0.0s

#23 [init stage-0  9/13] COPY policies policies
#23 DONE 0.0s

#24 [measure stage-0 10/13] COPY scripts scripts
#24 DONE 0.0s

#25 [provider stage-0 11/13] COPY docs/implementation/examples docs/implementation/examples
#25 DONE 0.0s

#26 [provider stage-0 12/13] COPY alembic alembic
#26 DONE 0.0s

#27 [init stage-0 13/13] COPY alembic.ini ./
#27 DONE 0.0s

#28 [hub] exporting to image
#28 exporting layers
#28 exporting layers 2.0s done
#28 exporting manifest sha256:0047c168265b5c850adafabbedac758ffd4f93f6929e03678031d40101da290c done
#28 exporting config sha256:df9a74e9e910c3baffa19f2cb4267617c44e133c4768a97a9386b01cc828da20 0.0s done
#28 exporting attestation manifest sha256:61f3e45d5832027fe02a40a1833d59a8527f0a14b88b0659be8c4cec2226c17f 0.0s done
#28 exporting manifest list sha256:b578183dfed41b1616da3e2710a64ddf584baf23345027bce60d6a16f1f38256 0.0s done
#28 naming to docker.io/library/a2a-accept-ec0b3149f7-hub:latest done
#28 unpacking to docker.io/library/a2a-accept-ec0b3149f7-hub:latest
#28 unpacking to docker.io/library/a2a-accept-ec0b3149f7-hub:latest 1.2s done
#28 DONE 3.3s

#29 [provider] exporting to image
#29 exporting layers 2.0s done
#29 exporting manifest sha256:5310642e46112e0112036bd7d5e4d81dba4504973a53490344f75a48d695066c 0.0s done
#29 exporting config sha256:7357caacb7d837ac8617ef329cfc4bff75c583b0e7aa825a8b887f1b7b8d50a8 0.0s done
#29 exporting attestation manifest sha256:c2f47594a3d67389b0f7cebe7030a1d693d17d477f12d3cdd04e3ba837a8d5c1 0.0s done
#29 exporting manifest list sha256:65b06b79ea3192a0ea14fc1435af13e15d1e1bd7a0385c6b44d990e60d0d7115 0.0s done
#29 naming to docker.io/library/a2a-accept-ec0b3149f7-provider:latest done
#29 unpacking to docker.io/library/a2a-accept-ec0b3149f7-provider:latest 1.2s done
#29 DONE 3.3s

#30 [demo] exporting to image
#30 exporting layers 2.0s done
#30 exporting manifest sha256:5de842622612c722a169576742a9659e653df14a82da9091dd7f29c4762a95f0 done
#30 exporting config sha256:d4730f1d7cca2f80004afcf54f7317308c86c1e7434cee13520049c726f2df2b 0.0s done
#30 exporting attestation manifest sha256:2990441b4ce490b94b29c495cf55a9f02f9266fc39e65bb19978d96bab5749ca 0.0s done
#30 exporting manifest list sha256:918b3f2c7e6313406524ea96eba08a1c9cec1e00f2cdbc18d1ddf3df8007ade7 done
#30 naming to docker.io/library/a2a-accept-ec0b3149f7-demo:latest done
#30 unpacking to docker.io/library/a2a-accept-ec0b3149f7-demo:latest 1.2s done
#30 DONE 3.3s

#31 [measure] exporting to image
#31 exporting layers 2.0s done
#31 exporting manifest sha256:edf980099aa06fa485f23d0c4a541327f3e6f2768eab067f7957943b5df40e80 done
#31 exporting config sha256:34236bd8c8ef421b53615534135b2acf84ee196dba62a17ee554dec02ab54c7f 0.0s done
#31 exporting attestation manifest sha256:244d09d87a9f4b5f907367123fd2b45ffc6854a6da1d801c0690d72a1fff4718 0.0s done
#31 exporting manifest list sha256:4d2be67669e4caae4579ccaafce8fedee848de6f1608395b3c0ac6ea18aff379 done
#31 naming to docker.io/library/a2a-accept-ec0b3149f7-measure:latest done
#31 unpacking to docker.io/library/a2a-accept-ec0b3149f7-measure:latest 1.2s done
#31 DONE 3.3s

#32 [init] exporting to image
#32 exporting layers 2.0s done
#32 exporting manifest sha256:2acb5ea7a13a8bcfe763eb333edcb99aa1198c51d98769a6149206179ad3bb13 0.0s done
#32 exporting config sha256:13d6349b1c6220f9e82376eedab0435996eb9f947871a7447067c3ea114ac221 0.0s done
#32 exporting attestation manifest sha256:f31ec37b24052588a9847ae44938382487302f25e514db48609ba7c8c31af490 0.0s done
#32 exporting manifest list sha256:0365d9f43d98306120f05dc1f7e4e752bc51c43dc85e695fbdd456009234d98a 0.0s done
#32 naming to docker.io/library/a2a-accept-ec0b3149f7-init:latest done
#32 unpacking to docker.io/library/a2a-accept-ec0b3149f7-init:latest 1.2s done
#32 DONE 3.3s

#19 [presidio stage-0 5/7] RUN pip install --no-index --find-links=/wheels -r requirements-presidio.lock && pip check
#19 ...

#33 [provider] resolving provenance for metadata file
#33 DONE 0.0s

#34 [init] resolving provenance for metadata file
#34 DONE 0.0s

#35 [measure] resolving provenance for metadata file
#35 DONE 0.0s

#36 [demo] resolving provenance for metadata file
#36 DONE 0.0s

#37 [hub] resolving provenance for metadata file
#37 DONE 0.0s

#19 [presidio stage-0 5/7] RUN pip install --no-index --find-links=/wheels -r requirements-presidio.lock && pip check
#19 7.250 Successfully installed Jinja2-3.1.6 MarkupSafe-3.0.3 PyYAML-6.0.3 Pygments-2.21.0 annotated-doc-0.0.5 annotated-types-0.7.0 anyio-4.12.1 blis-0.7.11 catalogue-2.0.10 certifi-2026.7.22 cffi-2.0.0 charset-normalizer-3.5.1 click-8.2.1 cloudpathlib-0.25.0 confection-0.1.5 cryptography-44.0.3 cymem-2.0.13 exceptiongroup-1.3.1 fastapi-0.128.8 filelock-3.19.1 h11-0.16.0 httpcore-1.0.9 httpx-0.28.1 idna-3.19 langcodes-3.5.1 markdown-it-py-3.0.0 mdurl-0.1.2 murmurhash-1.0.15 numpy-1.26.4 packaging-26.3 phonenumbers-9.0.39 preshed-3.0.13 presidio_analyzer-2.2.360 presidio_anonymizer-2.2.360 pycparser-2.23 pydantic-2.13.5 pydantic_core-2.46.5 regex-2026.1.15 requests-2.32.5 requests-file-3.0.1 rich-15.0.0 setuptools-80.9.0 shellingham-1.5.4 smart_open-7.5.0 spacy-3.7.5 spacy-legacy-3.0.12 spacy-loggers-1.0.5 srsly-2.5.3 starlette-0.49.3 thinc-8.2.5 tldextract-5.3.0 tqdm-4.70.1 typer-0.23.2 typer-slim-0.23.2 typing-inspection-0.4.2 typing_extensions-4.16.0 urllib3-2.6.3 uvicorn-0.39.0 wasabi-1.1.3 weasel-0.4.3 wrapt-2.4.1
#19 7.251 WARNING: Running pip as the 'root' user can result in broken permissions and conflicting behaviour with the system package manager, possibly rendering your system unusable. It is recommended to use a virtual environment instead: https://pip.pypa.io/warnings/venv. Use the --root-user-action option if you know what you are doing and want to suppress this warning.
#19 7.416 No broken requirements found.
#19 DONE 7.6s

#38 [presidio stage-0 6/7] COPY examples/presidio examples/presidio
#38 DONE 0.0s

#39 [presidio stage-0 7/7] COPY app/profile.py app/profile.py
#39 DONE 0.0s

#40 [presidio] exporting to image
#40 exporting layers 3.9s done
#40 exporting manifest sha256:770372850d09e7745466d8aa20007b62d57066ecffee602ec287c9bd222dced3 done
#40 exporting config sha256:d273455e3c65b640a2c57105a77baa3ed8776fb40cd52cc5a817d79bcb3439a6 done
#40 exporting attestation manifest sha256:c7abe9265c606838b7b4f38eae7eef38441ce4f7a8186c7b10658f3f67e1a9ad done
#40 exporting manifest list sha256:e89dc49011699d440198a64cf99423b3b1181303f9f6ce2017b181402c7bd7bb done
#40 naming to docker.io/library/a2a-accept-ec0b3149f7-presidio:latest done
#40 unpacking to docker.io/library/a2a-accept-ec0b3149f7-presidio:latest
#40 unpacking to docker.io/library/a2a-accept-ec0b3149f7-presidio:latest 1.2s done
#40 DONE 5.2s

#41 [presidio] resolving provenance for metadata file
#41 DONE 0.0s
 Image a2a-accept-ec0b3149f7-init Built 
 Image a2a-accept-ec0b3149f7-demo Built 
 Image a2a-accept-ec0b3149f7-measure Built 
 Image a2a-accept-ec0b3149f7-hub Built 
 Image a2a-accept-ec0b3149f7-provider Built 
 Image a2a-accept-ec0b3149f7-presidio Built 
