 Container a2a-alpha-local-postgres-1 Running 
 Container a2a-alpha-local-redis-1 Running 
 Container a2a-alpha-local-provider-1 Running 
 Container a2a-alpha-local-hub-1 Running 
 Container a2a-alpha-local-presidio-1 Running 
 Container a2a-alpha-local-opa-1 Running 
 Container a2a-alpha-local-postgres-1 Waiting 
 Container a2a-alpha-local-postgres-1 Healthy 
 Container a2a-alpha-local-init-1 Starting 
 Container a2a-alpha-local-init-1 Started 
 Container a2a-alpha-local-init-1 Waiting 
 Container a2a-alpha-local-init-1 Exited 
 Container a2a-alpha-local-init-1 Waiting 
 Container a2a-alpha-local-init-1 Exited 
 Container a2a-alpha-local-hub-1 Waiting 
 Container a2a-alpha-local-hub-1 Healthy 
 Container a2a-alpha-local-demo-run-44d44f5de105 Creating 
 Container a2a-alpha-local-demo-run-44d44f5de105 Created 
{
  "internal-project": [
    {
      "item_id": "item-001",
      "task": "Send the checklist to review@example.com.",
      "due_date": "2026-09-20",
      "assignee": "alice@example.com",
      "assignment_state": "assigned"
    },
    {
      "item_id": "item-002",
      "task": "Prepare the test report.",
      "due_date": "2026-09-21",
      "assignee": "bob@example.com",
      "assignment_state": "assigned"
    }
  ],
  "external-collaboration": [
    {
      "item_id": "item-001",
      "task": "Send the checklist to [EMAIL].",
      "due_date": "2026-09-20",
      "assignee": null,
      "assignment_state": "unassigned"
    },
    {
      "item_id": "item-002",
      "task": "Prepare the test report.",
      "due_date": "2026-09-21",
      "assignee": null,
      "assignment_state": "unassigned"
    }
  ]
}
PASS: public API discovery, exact dual views, local task consumers
