WARNING: The directory '/Users/jeremysie/Library/Caches/pip' or its parent directory is not owned or is not writable by the current user. The cache has been disabled. Check the permissions and owner of that directory. If executing pip with sudo, you should use sudo's -H flag.
Collecting a2a-sdk==0.3.0
  Downloading a2a_sdk-0.3.0-py3-none-any.whl (130 kB)
Collecting alembic==1.16.5
  Downloading alembic-1.16.5-py3-none-any.whl (247 kB)
Collecting annotated-doc==0.0.4
  Downloading annotated_doc-0.0.4-py3-none-any.whl (5.3 kB)
Collecting annotated-types==0.7.0
  Downloading annotated_types-0.7.0-py3-none-any.whl (13 kB)
Collecting anyio==4.12.1
  Downloading anyio-4.12.1-py3-none-any.whl (113 kB)
Collecting async-timeout==5.0.1
  Downloading async_timeout-5.0.1-py3-none-any.whl (6.2 kB)
Collecting asyncpg==0.31.0
  Downloading asyncpg-0.31.0-cp312-cp312-manylinux_2_28_aarch64.whl (3.4 MB)
Collecting attrs==26.1.0
  Downloading attrs-26.1.0-py3-none-any.whl (67 kB)
Collecting bcrypt==5.0.0
  Downloading bcrypt-5.0.0-cp39-abi3-manylinux_2_28_aarch64.whl (276 kB)
Collecting certifi==2026.2.25
  Downloading certifi-2026.2.25-py3-none-any.whl (153 kB)
Collecting cffi==2.1.1
  Downloading cffi-2.1.1-cp312-cp312-manylinux2014_aarch64.manylinux_2_17_aarch64.whl (222 kB)
Collecting charset-normalizer==3.5.1
  Downloading charset_normalizer-3.5.1-cp312-cp312-manylinux2014_aarch64.manylinux_2_17_aarch64.manylinux_2_28_aarch64.whl (238 kB)
Collecting click==8.1.8
  Downloading click-8.1.8-py3-none-any.whl (98 kB)
Collecting cryptography==46.0.5
  Downloading cryptography-46.0.5-cp311-abi3-manylinux_2_28_aarch64.whl (4.3 MB)
Collecting exceptiongroup==1.3.1
  Downloading exceptiongroup-1.3.1-py3-none-any.whl (16 kB)
Collecting fastapi==0.128.8
  Downloading fastapi-0.128.8-py3-none-any.whl (103 kB)
Collecting google-api-core==2.30.3
  Downloading google_api_core-2.30.3-py3-none-any.whl (173 kB)
Collecting google-auth==2.58.0
  Downloading google_auth-2.58.0-py3-none-any.whl (262 kB)
Collecting googleapis-common-protos==1.75.0
  Downloading googleapis_common_protos-1.75.0-py3-none-any.whl (300 kB)
Collecting greenlet==3.2.5
  Downloading greenlet-3.2.5-cp312-cp312-manylinux2014_aarch64.manylinux_2_17_aarch64.whl (644 kB)
Collecting h11==0.16.0
  Downloading h11-0.16.0-py3-none-any.whl (37 kB)
Collecting httpcore==1.0.9
  Downloading httpcore-1.0.9-py3-none-any.whl (78 kB)
Collecting httpx==0.28.1
  Downloading httpx-0.28.1-py3-none-any.whl (73 kB)
Collecting httpx-sse==0.4.3
  Downloading httpx_sse-0.4.3-py3-none-any.whl (9.0 kB)
Collecting idna==3.11
  Downloading idna-3.11-py3-none-any.whl (71 kB)
Collecting jsonschema==4.25.1
  Downloading jsonschema-4.25.1-py3-none-any.whl (90 kB)
Collecting jsonschema-specifications==2025.9.1
  Downloading jsonschema_specifications-2025.9.1-py3-none-any.whl (18 kB)
Collecting Mako==1.3.10
  Downloading mako-1.3.10-py3-none-any.whl (78 kB)
Collecting MarkupSafe==3.0.3
  Downloading markupsafe-3.0.3-cp312-cp312-manylinux2014_aarch64.manylinux_2_17_aarch64.manylinux_2_28_aarch64.whl (24 kB)
Collecting proto-plus==1.28.2
  Downloading proto_plus-1.28.2-py3-none-any.whl (50 kB)
Collecting protobuf==5.29.5
  Downloading protobuf-5.29.5-cp38-abi3-manylinux2014_aarch64.whl (319 kB)
Collecting pyasn1==0.6.4
  Downloading pyasn1-0.6.4-py3-none-any.whl (84 kB)
Collecting pyasn1_modules==0.4.2
  Downloading pyasn1_modules-0.4.2-py3-none-any.whl (181 kB)
Collecting pycparser==3.0
  Downloading pycparser-3.0-py3-none-any.whl (48 kB)
Collecting pydantic==2.12.5
  Downloading pydantic-2.12.5-py3-none-any.whl (463 kB)
Collecting pydantic-settings==2.11.0
  Downloading pydantic_settings-2.11.0-py3-none-any.whl (48 kB)
Collecting pydantic_core==2.41.5
  Downloading pydantic_core-2.41.5-cp312-cp312-manylinux_2_17_aarch64.manylinux2014_aarch64.whl (1.9 MB)
Collecting PyJWT==2.12.1
  Downloading pyjwt-2.12.1-py3-none-any.whl (29 kB)
Collecting python-dotenv==1.2.1
  Downloading python_dotenv-1.2.1-py3-none-any.whl (21 kB)
Collecting redis==7.0.1
  Downloading redis-7.0.1-py3-none-any.whl (339 kB)
Collecting referencing==0.37.0
  Downloading referencing-0.37.0-py3-none-any.whl (26 kB)
Collecting requests==2.34.2
  Downloading requests-2.34.2-py3-none-any.whl (73 kB)
Collecting rpds-py==2026.6.3
  Downloading rpds_py-2026.6.3-cp312-cp312-manylinux_2_17_aarch64.manylinux2014_aarch64.whl (368 kB)
Collecting SQLAlchemy==2.0.48
  Downloading sqlalchemy-2.0.48-cp312-cp312-manylinux2014_aarch64.manylinux_2_17_aarch64.manylinux_2_28_aarch64.whl (3.3 MB)
Collecting sse-starlette==3.3.0
  Downloading sse_starlette-3.3.0-py3-none-any.whl (14 kB)
Collecting starlette==0.49.3
  Downloading starlette-0.49.3-py3-none-any.whl (74 kB)
Collecting tomli==2.4.0
  Downloading tomli-2.4.0-cp312-cp312-manylinux2014_aarch64.manylinux_2_17_aarch64.manylinux_2_28_aarch64.whl (243 kB)
Collecting typing-inspection==0.4.2
  Downloading typing_inspection-0.4.2-py3-none-any.whl (14 kB)
Collecting typing_extensions==4.15.0
  Downloading typing_extensions-4.15.0-py3-none-any.whl (44 kB)
Collecting urllib3==2.7.0
  Downloading urllib3-2.7.0-py3-none-any.whl (131 kB)
Collecting uvicorn==0.39.0
  Downloading uvicorn-0.39.0-py3-none-any.whl (68 kB)
Saved ./.local-wheelhouse/hub/a2a_sdk-0.3.0-py3-none-any.whl
Saved ./.local-wheelhouse/hub/alembic-1.16.5-py3-none-any.whl
Saved ./.local-wheelhouse/hub/annotated_doc-0.0.4-py3-none-any.whl
Saved ./.local-wheelhouse/hub/annotated_types-0.7.0-py3-none-any.whl
Saved ./.local-wheelhouse/hub/anyio-4.12.1-py3-none-any.whl
Saved ./.local-wheelhouse/hub/async_timeout-5.0.1-py3-none-any.whl
Saved ./.local-wheelhouse/hub/asyncpg-0.31.0-cp312-cp312-manylinux_2_28_aarch64.whl
Saved ./.local-wheelhouse/hub/attrs-26.1.0-py3-none-any.whl
Saved ./.local-wheelhouse/hub/bcrypt-5.0.0-cp39-abi3-manylinux_2_28_aarch64.whl
Saved ./.local-wheelhouse/hub/certifi-2026.2.25-py3-none-any.whl
Saved ./.local-wheelhouse/hub/cffi-2.1.1-cp312-cp312-manylinux2014_aarch64.manylinux_2_17_aarch64.whl
Saved ./.local-wheelhouse/hub/charset_normalizer-3.5.1-cp312-cp312-manylinux2014_aarch64.manylinux_2_17_aarch64.manylinux_2_28_aarch64.whl
Saved ./.local-wheelhouse/hub/click-8.1.8-py3-none-any.whl
Saved ./.local-wheelhouse/hub/cryptography-46.0.5-cp311-abi3-manylinux_2_28_aarch64.whl
Saved ./.local-wheelhouse/hub/exceptiongroup-1.3.1-py3-none-any.whl
Saved ./.local-wheelhouse/hub/fastapi-0.128.8-py3-none-any.whl
Saved ./.local-wheelhouse/hub/google_api_core-2.30.3-py3-none-any.whl
Saved ./.local-wheelhouse/hub/google_auth-2.58.0-py3-none-any.whl
Saved ./.local-wheelhouse/hub/googleapis_common_protos-1.75.0-py3-none-any.whl
Saved ./.local-wheelhouse/hub/greenlet-3.2.5-cp312-cp312-manylinux2014_aarch64.manylinux_2_17_aarch64.whl
Saved ./.local-wheelhouse/hub/h11-0.16.0-py3-none-any.whl
Saved ./.local-wheelhouse/hub/httpcore-1.0.9-py3-none-any.whl
Saved ./.local-wheelhouse/hub/httpx-0.28.1-py3-none-any.whl
Saved ./.local-wheelhouse/hub/httpx_sse-0.4.3-py3-none-any.whl
Saved ./.local-wheelhouse/hub/idna-3.11-py3-none-any.whl
Saved ./.local-wheelhouse/hub/jsonschema-4.25.1-py3-none-any.whl
Saved ./.local-wheelhouse/hub/jsonschema_specifications-2025.9.1-py3-none-any.whl
Saved ./.local-wheelhouse/hub/mako-1.3.10-py3-none-any.whl
Saved ./.local-wheelhouse/hub/markupsafe-3.0.3-cp312-cp312-manylinux2014_aarch64.manylinux_2_17_aarch64.manylinux_2_28_aarch64.whl
Saved ./.local-wheelhouse/hub/proto_plus-1.28.2-py3-none-any.whl
Saved ./.local-wheelhouse/hub/protobuf-5.29.5-cp38-abi3-manylinux2014_aarch64.whl
Saved ./.local-wheelhouse/hub/pyasn1-0.6.4-py3-none-any.whl
Saved ./.local-wheelhouse/hub/pyasn1_modules-0.4.2-py3-none-any.whl
Saved ./.local-wheelhouse/hub/pycparser-3.0-py3-none-any.whl
Saved ./.local-wheelhouse/hub/pydantic-2.12.5-py3-none-any.whl
Saved ./.local-wheelhouse/hub/pydantic_settings-2.11.0-py3-none-any.whl
Saved ./.local-wheelhouse/hub/pydantic_core-2.41.5-cp312-cp312-manylinux_2_17_aarch64.manylinux2014_aarch64.whl
Saved ./.local-wheelhouse/hub/pyjwt-2.12.1-py3-none-any.whl
Saved ./.local-wheelhouse/hub/python_dotenv-1.2.1-py3-none-any.whl
Saved ./.local-wheelhouse/hub/redis-7.0.1-py3-none-any.whl
Saved ./.local-wheelhouse/hub/referencing-0.37.0-py3-none-any.whl
Saved ./.local-wheelhouse/hub/requests-2.34.2-py3-none-any.whl
Saved ./.local-wheelhouse/hub/rpds_py-2026.6.3-cp312-cp312-manylinux_2_17_aarch64.manylinux2014_aarch64.whl
Saved ./.local-wheelhouse/hub/sqlalchemy-2.0.48-cp312-cp312-manylinux2014_aarch64.manylinux_2_17_aarch64.manylinux_2_28_aarch64.whl
Saved ./.local-wheelhouse/hub/sse_starlette-3.3.0-py3-none-any.whl
Saved ./.local-wheelhouse/hub/starlette-0.49.3-py3-none-any.whl
Saved ./.local-wheelhouse/hub/tomli-2.4.0-cp312-cp312-manylinux2014_aarch64.manylinux_2_17_aarch64.manylinux_2_28_aarch64.whl
Saved ./.local-wheelhouse/hub/typing_inspection-0.4.2-py3-none-any.whl
Saved ./.local-wheelhouse/hub/typing_extensions-4.15.0-py3-none-any.whl
Saved ./.local-wheelhouse/hub/urllib3-2.7.0-py3-none-any.whl
Saved ./.local-wheelhouse/hub/uvicorn-0.39.0-py3-none-any.whl
Successfully downloaded a2a-sdk alembic annotated-doc annotated-types anyio async-timeout asyncpg attrs bcrypt certifi cffi charset-normalizer click cryptography exceptiongroup fastapi google-api-core google-auth googleapis-common-protos greenlet h11 httpcore httpx httpx-sse idna jsonschema jsonschema-specifications Mako MarkupSafe proto-plus protobuf pyasn1 pyasn1-modules pycparser pydantic pydantic-settings pydantic-core PyJWT python-dotenv redis referencing requests rpds-py SQLAlchemy sse-starlette starlette tomli typing-inspection typing-extensions urllib3 uvicorn
