tests/hacker_agent.py::TestHackerQueryAttack::test_steal_salary_data_blocked
tests/hacker_agent.py::TestHackerQueryAttack::test_steal_public_directory_also_blocked
tests/hacker_agent.py::TestHackerQueryAttack::test_query_nonexistent_schema_blocked
tests/hacker_agent.py::TestHackerPublishAttack::test_publish_fake_data_with_valid_token
tests/hacker_agent.py::TestHackerPublishAttack::test_publish_without_token_blocked
tests/hacker_agent.py::TestHackerTokenForgery::test_forged_jwt_blocked
tests/hacker_agent.py::TestHackerTokenForgery::test_expired_stolen_token_blocked
tests/hacker_agent.py::TestHackerTokenForgery::test_tampered_token_scope_blocked
tests/hacker_agent.py::TestHackerReconnaissance::test_discover_reveals_no_secrets
tests/hacker_agent.py::TestHackerReconnaissance::test_wrong_api_key_no_information_leak
tests/test_auth.py::TestNakedRequests::test_query_without_token
tests/test_auth.py::TestNakedRequests::test_discover_without_token
tests/test_auth.py::TestNakedRequests::test_publish_without_token
tests/test_auth.py::TestNakedRequests::test_audit_without_token
tests/test_auth.py::TestExpiredJWT::test_expired_jwt_on_query
tests/test_auth.py::TestExpiredJWT::test_expired_jwt_on_discover
tests/test_auth.py::TestExpiredJWT::test_expired_jwt_on_publish
tests/test_auth.py::TestForgedToken::test_completely_fake_token
tests/test_auth.py::TestForgedToken::test_wrong_secret_token
tests/test_auth.py::TestForgedToken::test_malformed_authorization_header
tests/test_auth.py::TestForgedToken::test_empty_bearer_token
tests/test_auth.py::TestTokenExchange::test_valid_api_key_gets_token
tests/test_auth.py::TestTokenExchange::test_wrong_api_key_rejected
tests/test_auth.py::TestTokenExchange::test_nonexistent_agent_rejected
tests/test_auth.py::TestRegistrationSecurity::test_duplicate_agent_id_rejected
tests/test_auth.py::TestRegistrationSecurity::test_missing_schemas_rejected
tests/test_auth.py::TestRegistrationSecurity::test_registration_returns_credentials_once
tests/test_broadcast_sse.py::TestPublish::test_publish_success
tests/test_broadcast_sse.py::TestPublish::test_publish_without_auth_rejected
tests/test_broadcast_sse.py::TestPublish::test_publish_with_expired_token_rejected
tests/test_broadcast_sse.py::TestPublish::test_publish_multiple_messages
tests/test_broadcast_sse.py::TestPublish::test_publish_to_different_topics
tests/test_broadcast_sse.py::TestSubscribeAuth::test_subscribe_without_auth_rejected
tests/test_broadcast_sse.py::TestSubscribeAuth::test_subscribe_with_expired_token_rejected
tests/test_broadcast_sse.py::TestPublishContentIntegrity::test_publish_preserves_content
tests/test_broadcast_sse.py::TestPublishContentIntegrity::test_publish_missing_topic_rejected
tests/test_proxy_chaos.py::TestUpstreamTimeout::test_connect_timeout
tests/test_proxy_chaos.py::TestUpstreamTimeout::test_read_timeout
tests/test_proxy_chaos.py::TestUpstreamDown::test_connection_refused
tests/test_proxy_chaos.py::TestUpstreamHTTPError::test_upstream_500
tests/test_proxy_chaos.py::TestContractViolation::test_undeclared_schema_blocked
tests/test_proxy_chaos.py::TestContractViolation::test_no_matching_policy_blocked
tests/test_proxy_chaos.py::TestQueryNonexistentAgent::test_target_not_found
tests/test_transform.py::TestTransformEngine::test_action_drop_nested_field
tests/test_transform.py::TestTransformEngine::test_action_mask_field
tests/test_transform.py::TestTransformEngine::test_action_range_aggregation
tests/test_transform.py::TestTransformEngine::test_action_hash_identity
tests/test_transform.py::TestTransformEngine::test_graceful_fail_on_missing_field
tests/test_transform.py::TestTransformEngine::test_multiple_rules_pipeline

49 tests collected in 0.04s
