INFO  [alembic.runtime.migration] Context impl PostgresqlImpl.
INFO  [alembic.runtime.migration] Will assume transactional DDL.
INFO  [alembic.runtime.migration] Running upgrade 20260914_contracts -> 20260914_failures, Safe failure records and PG-backed replay protection.
/Users/jeremysie/Desktop/A2A项目/a2a-contract-hub/scripts/verify_delivery.py:135: DeprecationWarning: A2AClient is deprecated and will be removed in a future version. Use ClientFactory to create a client with a JSON-RPC transport.
  client = A2AClient(ahttp, agent_card=card)
 Container a2a-contract-test-redis-1 Stopping 
 Container a2a-contract-test-redis-1 Stopped 
 Container a2a-contract-test-redis-1 Starting 
 Container a2a-contract-test-redis-1 Started 
 Container a2a-contract-test-redis-1 Waiting 
 Container a2a-contract-test-redis-1 Healthy 
 Container a2a-contract-test-postgres-1 Stopping 
 Container a2a-contract-test-postgres-1 Stopped 
 Container a2a-contract-test-postgres-1 Starting 
 Container a2a-contract-test-postgres-1 Started 
 Container a2a-contract-test-postgres-1 Waiting 
 Container a2a-contract-test-postgres-1 Healthy 
PostgreSQL: 17.6 (Debian 17.6-2.pgdg13+1)
Redis: 7.4.5
PASS: real in-flight revoke, Redis-off delivery, PG pre-receipt failure, Presidio/OPA outage; real full stack REST dual views, scoped discovery, immutable version, signed provider, resource/source rejection, receipts, revocation; official A2A external view/deny/extension
